// Jest Snapshot v1, https://goo.gl/fbAQLP

exports[`ErrorPage snapshot should match to snapshot 1`] = `
ShallowWrapper {
  Symbol(enzyme.__root__): [Circular],
  Symbol(enzyme.__unrendered__): <ErrorPage
    dispatch={[MockFunction]}
    location={
      Object {
        "content": Object {
          "back": "Back",
          "backToAccounts": "Back to accounts",
          "retry": "Retry",
        },
      }
    }
    messages={
      Object {
        "fetching": false,
      }
    }
  />,
  Symbol(enzyme.__renderer__): Object {
    "batchedUpdates": [Function],
    "getNode": [Function],
    "render": [Function],
    "simulateEvent": [Function],
    "unmount": [Function],
  },
  Symbol(enzyme.__node__): Object {
    "instance": null,
    "key": undefined,
    "nodeType": "function",
    "props": Object {
      "children": <Container
        size={undefined}
      >
        <Row>
          <Card
            bordered={false}
          >
            <TextBody>
              <BackButton
                disabled={false}
                label="Back to accounts"
                onClick={[Function]}
              />
            </TextBody>
            <PageHeading
              isFlush={false}
            />
            <SubHeading
              isFlush={false}
            />
            <TextBody />
            <TextBody />
            <ButtonGroup
              alignment="left"
            >
              <Button
                disabled={false}
                display="secondary"
                isLoading={false}
                onClick={[Function]}
                size="md"
              >
                Back
              </Button>
              <Button
                disabled={false}
                display="primary"
                isLoading={false}
                onClick={[Function]}
                size="md"
              >
                Retry
              </Button>
            </ButtonGroup>
          </Card>
        </Row>
      </Container>,
      "show": undefined,
      "title": "loading..",
    },
    "ref": null,
    "rendered": Object {
      "instance": null,
      "key": undefined,
      "nodeType": "function",
      "props": Object {
        "children": <Row>
          <Card
            bordered={false}
          >
            <TextBody>
              <BackButton
                disabled={false}
                label="Back to accounts"
                onClick={[Function]}
              />
            </TextBody>
            <PageHeading
              isFlush={false}
            />
            <SubHeading
              isFlush={false}
            />
            <TextBody />
            <TextBody />
            <ButtonGroup
              alignment="left"
            >
              <Button
                disabled={false}
                display="secondary"
                isLoading={false}
                onClick={[Function]}
                size="md"
              >
                Back
              </Button>
              <Button
                disabled={false}
                display="primary"
                isLoading={false}
                onClick={[Function]}
                size="md"
              >
                Retry
              </Button>
            </ButtonGroup>
          </Card>
        </Row>,
        "size": undefined,
      },
      "ref": null,
      "rendered": Object {
        "instance": null,
        "key": undefined,
        "nodeType": "function",
        "props": Object {
          "children": <Card
            bordered={false}
          >
            <TextBody>
              <BackButton
                disabled={false}
                label="Back to accounts"
                onClick={[Function]}
              />
            </TextBody>
            <PageHeading
              isFlush={false}
            />
            <SubHeading
              isFlush={false}
            />
            <TextBody />
            <TextBody />
            <ButtonGroup
              alignment="left"
            >
              <Button
                disabled={false}
                display="secondary"
                isLoading={false}
                onClick={[Function]}
                size="md"
              >
                Back
              </Button>
              <Button
                disabled={false}
                display="primary"
                isLoading={false}
                onClick={[Function]}
                size="md"
              >
                Retry
              </Button>
            </ButtonGroup>
          </Card>,
        },
        "ref": null,
        "rendered": Object {
          "instance": null,
          "key": undefined,
          "nodeType": "function",
          "props": Object {
            "bordered": false,
            "children": Array [
              <TextBody>
                <BackButton
                  disabled={false}
                  label="Back to accounts"
                  onClick={[Function]}
                />
              </TextBody>,
              <PageHeading
                isFlush={false}
              />,
              <SubHeading
                isFlush={false}
              />,
              <TextBody />,
              <TextBody />,
              <ButtonGroup
                alignment="left"
              >
                <Button
                  disabled={false}
                  display="secondary"
                  isLoading={false}
                  onClick={[Function]}
                  size="md"
                >
                  Back
                </Button>
                <Button
                  disabled={false}
                  display="primary"
                  isLoading={false}
                  onClick={[Function]}
                  size="md"
                >
                  Retry
                </Button>
              </ButtonGroup>,
            ],
          },
          "ref": null,
          "rendered": Array [
            Object {
              "instance": null,
              "key": undefined,
              "nodeType": "function",
              "props": Object {
                "children": <BackButton
                  disabled={false}
                  label="Back to accounts"
                  onClick={[Function]}
                />,
              },
              "ref": null,
              "rendered": Object {
                "instance": null,
                "key": undefined,
                "nodeType": "function",
                "props": Object {
                  "disabled": false,
                  "label": "Back to accounts",
                  "onClick": [Function],
                },
                "ref": null,
                "rendered": null,
                "type": [Function],
              },
              "type": [Function],
            },
            Object {
              "instance": null,
              "key": undefined,
              "nodeType": "function",
              "props": Object {
                "children": undefined,
                "isFlush": false,
              },
              "ref": null,
              "rendered": null,
              "type": [Function],
            },
            Object {
              "instance": null,
              "key": undefined,
              "nodeType": "function",
              "props": Object {
                "children": undefined,
                "isFlush": false,
              },
              "ref": null,
              "rendered": null,
              "type": [Function],
            },
            Object {
              "instance": null,
              "key": undefined,
              "nodeType": "function",
              "props": Object {
                "children": undefined,
              },
              "ref": null,
              "rendered": null,
              "type": [Function],
            },
            Object {
              "instance": null,
              "key": undefined,
              "nodeType": "function",
              "props": Object {
                "children": undefined,
              },
              "ref": null,
              "rendered": null,
              "type": [Function],
            },
            Object {
              "instance": null,
              "key": undefined,
              "nodeType": "function",
              "props": Object {
                "alignment": "left",
                "children": Array [
                  <Button
                    disabled={false}
                    display="secondary"
                    isLoading={false}
                    onClick={[Function]}
                    size="md"
                  >
                    Back
                  </Button>,
                  <Button
                    disabled={false}
                    display="primary"
                    isLoading={false}
                    onClick={[Function]}
                    size="md"
                  >
                    Retry
                  </Button>,
                ],
              },
              "ref": null,
              "rendered": Array [
                Object {
                  "instance": null,
                  "key": undefined,
                  "nodeType": "class",
                  "props": Object {
                    "children": "Back",
                    "disabled": false,
                    "display": "secondary",
                    "isLoading": false,
                    "onClick": [Function],
                    "size": "md",
                  },
                  "ref": null,
                  "rendered": "Back",
                  "type": [Function],
                },
                Object {
                  "instance": null,
                  "key": undefined,
                  "nodeType": "class",
                  "props": Object {
                    "children": "Retry",
                    "disabled": false,
                    "display": "primary",
                    "isLoading": false,
                    "onClick": [Function],
                    "size": "md",
                  },
                  "ref": null,
                  "rendered": "Retry",
                  "type": [Function],
                },
              ],
              "type": [Function],
            },
          ],
          "type": [Function],
        },
        "type": [Function],
      },
      "type": [Function],
    },
    "type": [Function],
  },
  Symbol(enzyme.__nodes__): Array [
    Object {
      "instance": null,
      "key": undefined,
      "nodeType": "function",
      "props": Object {
        "children": <Container
          size={undefined}
        >
          <Row>
            <Card
              bordered={false}
            >
              <TextBody>
                <BackButton
                  disabled={false}
                  label="Back to accounts"
                  onClick={[Function]}
                />
              </TextBody>
              <PageHeading
                isFlush={false}
              />
              <SubHeading
                isFlush={false}
              />
              <TextBody />
              <TextBody />
              <ButtonGroup
                alignment="left"
              >
                <Button
                  disabled={false}
                  display="secondary"
                  isLoading={false}
                  onClick={[Function]}
                  size="md"
                >
                  Back
                </Button>
                <Button
                  disabled={false}
                  display="primary"
                  isLoading={false}
                  onClick={[Function]}
                  size="md"
                >
                  Retry
                </Button>
              </ButtonGroup>
            </Card>
          </Row>
        </Container>,
        "show": undefined,
        "title": "loading..",
      },
      "ref": null,
      "rendered": Object {
        "instance": null,
        "key": undefined,
        "nodeType": "function",
        "props": Object {
          "children": <Row>
            <Card
              bordered={false}
            >
              <TextBody>
                <BackButton
                  disabled={false}
                  label="Back to accounts"
                  onClick={[Function]}
                />
              </TextBody>
              <PageHeading
                isFlush={false}
              />
              <SubHeading
                isFlush={false}
              />
              <TextBody />
              <TextBody />
              <ButtonGroup
                alignment="left"
              >
                <Button
                  disabled={false}
                  display="secondary"
                  isLoading={false}
                  onClick={[Function]}
                  size="md"
                >
                  Back
                </Button>
                <Button
                  disabled={false}
                  display="primary"
                  isLoading={false}
                  onClick={[Function]}
                  size="md"
                >
                  Retry
                </Button>
              </ButtonGroup>
            </Card>
          </Row>,
          "size": undefined,
        },
        "ref": null,
        "rendered": Object {
          "instance": null,
          "key": undefined,
          "nodeType": "function",
          "props": Object {
            "children": <Card
              bordered={false}
            >
              <TextBody>
                <BackButton
                  disabled={false}
                  label="Back to accounts"
                  onClick={[Function]}
                />
              </TextBody>
              <PageHeading
                isFlush={false}
              />
              <SubHeading
                isFlush={false}
              />
              <TextBody />
              <TextBody />
              <ButtonGroup
                alignment="left"
              >
                <Button
                  disabled={false}
                  display="secondary"
                  isLoading={false}
                  onClick={[Function]}
                  size="md"
                >
                  Back
                </Button>
                <Button
                  disabled={false}
                  display="primary"
                  isLoading={false}
                  onClick={[Function]}
                  size="md"
                >
                  Retry
                </Button>
              </ButtonGroup>
            </Card>,
          },
          "ref": null,
          "rendered": Object {
            "instance": null,
            "key": undefined,
            "nodeType": "function",
            "props": Object {
              "bordered": false,
              "children": Array [
                <TextBody>
                  <BackButton
                    disabled={false}
                    label="Back to accounts"
                    onClick={[Function]}
                  />
                </TextBody>,
                <PageHeading
                  isFlush={false}
                />,
                <SubHeading
                  isFlush={false}
                />,
                <TextBody />,
                <TextBody />,
                <ButtonGroup
                  alignment="left"
                >
                  <Button
                    disabled={false}
                    display="secondary"
                    isLoading={false}
                    onClick={[Function]}
                    size="md"
                  >
                    Back
                  </Button>
                  <Button
                    disabled={false}
                    display="primary"
                    isLoading={false}
                    onClick={[Function]}
                    size="md"
                  >
                    Retry
                  </Button>
                </ButtonGroup>,
              ],
            },
            "ref": null,
            "rendered": Array [
              Object {
                "instance": null,
                "key": undefined,
                "nodeType": "function",
                "props": Object {
                  "children": <BackButton
                    disabled={false}
                    label="Back to accounts"
                    onClick={[Function]}
                  />,
                },
                "ref": null,
                "rendered": Object {
                  "instance": null,
                  "key": undefined,
                  "nodeType": "function",
                  "props": Object {
                    "disabled": false,
                    "label": "Back to accounts",
                    "onClick": [Function],
                  },
                  "ref": null,
                  "rendered": null,
                  "type": [Function],
                },
                "type": [Function],
              },
              Object {
                "instance": null,
                "key": undefined,
                "nodeType": "function",
                "props": Object {
                  "children": undefined,
                  "isFlush": false,
                },
                "ref": null,
                "rendered": null,
                "type": [Function],
              },
              Object {
                "instance": null,
                "key": undefined,
                "nodeType": "function",
                "props": Object {
                  "children": undefined,
                  "isFlush": false,
                },
                "ref": null,
                "rendered": null,
                "type": [Function],
              },
              Object {
                "instance": null,
                "key": undefined,
                "nodeType": "function",
                "props": Object {
                  "children": undefined,
                },
                "ref": null,
                "rendered": null,
                "type": [Function],
              },
              Object {
                "instance": null,
                "key": undefined,
                "nodeType": "function",
                "props": Object {
                  "children": undefined,
                },
                "ref": null,
                "rendered": null,
                "type": [Function],
              },
              Object {
                "instance": null,
                "key": undefined,
                "nodeType": "function",
                "props": Object {
                  "alignment": "left",
                  "children": Array [
                    <Button
                      disabled={false}
                      display="secondary"
                      isLoading={false}
                      onClick={[Function]}
                      size="md"
                    >
                      Back
                    </Button>,
                    <Button
                      disabled={false}
                      display="primary"
                      isLoading={false}
                      onClick={[Function]}
                      size="md"
                    >
                      Retry
                    </Button>,
                  ],
                },
                "ref": null,
                "rendered": Array [
                  Object {
                    "instance": null,
                    "key": undefined,
                    "nodeType": "class",
                    "props": Object {
                      "children": "Back",
                      "disabled": false,
                      "display": "secondary",
                      "isLoading": false,
                      "onClick": [Function],
                      "size": "md",
                    },
                    "ref": null,
                    "rendered": "Back",
                    "type": [Function],
                  },
                  Object {
                    "instance": null,
                    "key": undefined,
                    "nodeType": "class",
                    "props": Object {
                      "children": "Retry",
                      "disabled": false,
                      "display": "primary",
                      "isLoading": false,
                      "onClick": [Function],
                      "size": "md",
                    },
                    "ref": null,
                    "rendered": "Retry",
                    "type": [Function],
                  },
                ],
                "type": [Function],
              },
            ],
            "type": [Function],
          },
          "type": [Function],
        },
        "type": [Function],
      },
      "type": [Function],
    },
  ],
  Symbol(enzyme.__options__): Object {
    "adapter": ReactFifteenFourAdapter {
      "options": Object {
        "legacyContextMode": "parent",
        "lifecycles": Object {
          "componentDidUpdate": Object {
            "prevContext": true,
          },
          "getChildContext": Object {
            "calledByRenderer": true,
          },
        },
        "supportPrevContextArgumentOfComponentDidUpdate": true,
      },
    },
    Symbol(enzyme.__providerValues__): undefined,
  },
  Symbol(enzyme.__providerValues__): Map {},
  Symbol(enzyme.__childContext__): null,
}
`;
