// Jest Snapshot v1, https://goo.gl/fbAQLP

exports[`GetIcon Component Check should render correctly 1`] = `ShallowWrapper {}`;
