// Jest Snapshot v1, https://goo.gl/fbAQLP

exports[`Landing Page else snapshot should match to snapshot 1`] = `
ShallowWrapper {
  Symbol(enzyme.__root__): [Circular],
  Symbol(enzyme.__unrendered__): <LandingPage
    content={
      Object {
        "back": "Back",
        "backToAccounts": "Back to accounts",
        "retry": "Retry",
      }
    }
    dispatch={[MockFunction]}
    fingerPrintID="2344323434523"
    getActiveTab={[MockFunction]}
    getMessageSubjects={
      [MockFunction] {
        "calls": Array [
          Array [],
        ],
      }
    }
    messages={
      Object {
        "error": false,
        "fetched": false,
      }
    }
  />,
  Symbol(enzyme.__renderer__): Object {
    "batchedUpdates": [Function],
    "getNode": [Function],
    "render": [Function],
    "simulateEvent": [Function],
    "unmount": [Function],
  },
  Symbol(enzyme.__node__): Object {
    "instance": null,
    "key": undefined,
    "nodeType": "function",
    "props": Object {
      "children": <Row>
        <Card
          bordered={false}
        >
          <TextBody
            className="c-step-header__crumbs"
          >
            <BackButton
              disabled={false}
              label="Back to accounts"
              onClick={[Function]}
            />
          </TextBody>
          <Title
            size="h1"
          />
          <TextBody />
          <TextBody />
          <Button
            disabled={false}
            display="primary"
            isLoading={false}
            onClick={[Function]}
            size="md"
          />
          <SecureMessageTabs
            activeTab={undefined}
            content={
              Object {
                "back": "Back",
                "backToAccounts": "Back to accounts",
                "retry": "Retry",
              }
            }
            location={undefined}
            messages={
              Object {
                "archivedMessages": Array [],
                "draftMessages": Array [],
                "inboxMessages": Array [],
                "sentMessages": Array [],
              }
            }
            onClick={[Function]}
          />
        </Card>
      </Row>,
      "className": "u-margin-top-6",
    },
    "ref": null,
    "rendered": Object {
      "instance": null,
      "key": undefined,
      "nodeType": "function",
      "props": Object {
        "children": <Card
          bordered={false}
        >
          <TextBody
            className="c-step-header__crumbs"
          >
            <BackButton
              disabled={false}
              label="Back to accounts"
              onClick={[Function]}
            />
          </TextBody>
          <Title
            size="h1"
          />
          <TextBody />
          <TextBody />
          <Button
            disabled={false}
            display="primary"
            isLoading={false}
            onClick={[Function]}
            size="md"
          />
          <SecureMessageTabs
            activeTab={undefined}
            content={
              Object {
                "back": "Back",
                "backToAccounts": "Back to accounts",
                "retry": "Retry",
              }
            }
            location={undefined}
            messages={
              Object {
                "archivedMessages": Array [],
                "draftMessages": Array [],
                "inboxMessages": Array [],
                "sentMessages": Array [],
              }
            }
            onClick={[Function]}
          />
        </Card>,
      },
      "ref": null,
      "rendered": Object {
        "instance": null,
        "key": undefined,
        "nodeType": "function",
        "props": Object {
          "bordered": false,
          "children": Array [
            <TextBody
              className="c-step-header__crumbs"
            >
              <BackButton
                disabled={false}
                label="Back to accounts"
                onClick={[Function]}
              />
            </TextBody>,
            <Title
              size="h1"
            />,
            <TextBody />,
            <TextBody />,
            <Button
              disabled={false}
              display="primary"
              isLoading={false}
              onClick={[Function]}
              size="md"
            />,
            <SecureMessageTabs
              activeTab={undefined}
              content={
                Object {
                  "back": "Back",
                  "backToAccounts": "Back to accounts",
                  "retry": "Retry",
                }
              }
              location={undefined}
              messages={
                Object {
                  "archivedMessages": Array [],
                  "draftMessages": Array [],
                  "inboxMessages": Array [],
                  "sentMessages": Array [],
                }
              }
              onClick={[Function]}
            />,
          ],
        },
        "ref": null,
        "rendered": Array [
          Object {
            "instance": null,
            "key": undefined,
            "nodeType": "function",
            "props": Object {
              "children": <BackButton
                disabled={false}
                label="Back to accounts"
                onClick={[Function]}
              />,
              "className": "c-step-header__crumbs",
            },
            "ref": null,
            "rendered": Object {
              "instance": null,
              "key": undefined,
              "nodeType": "function",
              "props": Object {
                "disabled": false,
                "label": "Back to accounts",
                "onClick": [Function],
              },
              "ref": null,
              "rendered": null,
              "type": [Function],
            },
            "type": [Function],
          },
          Object {
            "instance": null,
            "key": undefined,
            "nodeType": "function",
            "props": Object {
              "children": undefined,
              "size": "h1",
            },
            "ref": null,
            "rendered": null,
            "type": [Function],
          },
          Object {
            "instance": null,
            "key": undefined,
            "nodeType": "function",
            "props": Object {
              "children": undefined,
            },
            "ref": null,
            "rendered": null,
            "type": [Function],
          },
          Object {
            "instance": null,
            "key": undefined,
            "nodeType": "function",
            "props": Object {
              "children": undefined,
            },
            "ref": null,
            "rendered": null,
            "type": [Function],
          },
          Object {
            "instance": null,
            "key": undefined,
            "nodeType": "function",
            "props": Object {
              "children": undefined,
              "disabled": false,
              "display": "primary",
              "isLoading": false,
              "onClick": [Function],
              "size": "md",
            },
            "ref": null,
            "rendered": null,
            "type": [Function],
          },
          Object {
            "instance": null,
            "key": undefined,
            "nodeType": "class",
            "props": Object {
              "activeTab": undefined,
              "content": Object {
                "back": "Back",
                "backToAccounts": "Back to accounts",
                "retry": "Retry",
              },
              "location": undefined,
              "messages": Object {
                "archivedMessages": Array [],
                "draftMessages": Array [],
                "inboxMessages": Array [],
                "sentMessages": Array [],
              },
              "onClick": [Function],
            },
            "ref": null,
            "rendered": null,
            "type": [Function],
          },
        ],
        "type": [Function],
      },
      "type": [Function],
    },
    "type": [Function],
  },
  Symbol(enzyme.__nodes__): Array [
    Object {
      "instance": null,
      "key": undefined,
      "nodeType": "function",
      "props": Object {
        "children": <Row>
          <Card
            bordered={false}
          >
            <TextBody
              className="c-step-header__crumbs"
            >
              <BackButton
                disabled={false}
                label="Back to accounts"
                onClick={[Function]}
              />
            </TextBody>
            <Title
              size="h1"
            />
            <TextBody />
            <TextBody />
            <Button
              disabled={false}
              display="primary"
              isLoading={false}
              onClick={[Function]}
              size="md"
            />
            <SecureMessageTabs
              activeTab={undefined}
              content={
                Object {
                  "back": "Back",
                  "backToAccounts": "Back to accounts",
                  "retry": "Retry",
                }
              }
              location={undefined}
              messages={
                Object {
                  "archivedMessages": Array [],
                  "draftMessages": Array [],
                  "inboxMessages": Array [],
                  "sentMessages": Array [],
                }
              }
              onClick={[Function]}
            />
          </Card>
        </Row>,
        "className": "u-margin-top-6",
      },
      "ref": null,
      "rendered": Object {
        "instance": null,
        "key": undefined,
        "nodeType": "function",
        "props": Object {
          "children": <Card
            bordered={false}
          >
            <TextBody
              className="c-step-header__crumbs"
            >
              <BackButton
                disabled={false}
                label="Back to accounts"
                onClick={[Function]}
              />
            </TextBody>
            <Title
              size="h1"
            />
            <TextBody />
            <TextBody />
            <Button
              disabled={false}
              display="primary"
              isLoading={false}
              onClick={[Function]}
              size="md"
            />
            <SecureMessageTabs
              activeTab={undefined}
              content={
                Object {
                  "back": "Back",
                  "backToAccounts": "Back to accounts",
                  "retry": "Retry",
                }
              }
              location={undefined}
              messages={
                Object {
                  "archivedMessages": Array [],
                  "draftMessages": Array [],
                  "inboxMessages": Array [],
                  "sentMessages": Array [],
                }
              }
              onClick={[Function]}
            />
          </Card>,
        },
        "ref": null,
        "rendered": Object {
          "instance": null,
          "key": undefined,
          "nodeType": "function",
          "props": Object {
            "bordered": false,
            "children": Array [
              <TextBody
                className="c-step-header__crumbs"
              >
                <BackButton
                  disabled={false}
                  label="Back to accounts"
                  onClick={[Function]}
                />
              </TextBody>,
              <Title
                size="h1"
              />,
              <TextBody />,
              <TextBody />,
              <Button
                disabled={false}
                display="primary"
                isLoading={false}
                onClick={[Function]}
                size="md"
              />,
              <SecureMessageTabs
                activeTab={undefined}
                content={
                  Object {
                    "back": "Back",
                    "backToAccounts": "Back to accounts",
                    "retry": "Retry",
                  }
                }
                location={undefined}
                messages={
                  Object {
                    "archivedMessages": Array [],
                    "draftMessages": Array [],
                    "inboxMessages": Array [],
                    "sentMessages": Array [],
                  }
                }
                onClick={[Function]}
              />,
            ],
          },
          "ref": null,
          "rendered": Array [
            Object {
              "instance": null,
              "key": undefined,
              "nodeType": "function",
              "props": Object {
                "children": <BackButton
                  disabled={false}
                  label="Back to accounts"
                  onClick={[Function]}
                />,
                "className": "c-step-header__crumbs",
              },
              "ref": null,
              "rendered": Object {
                "instance": null,
                "key": undefined,
                "nodeType": "function",
                "props": Object {
                  "disabled": false,
                  "label": "Back to accounts",
                  "onClick": [Function],
                },
                "ref": null,
                "rendered": null,
                "type": [Function],
              },
              "type": [Function],
            },
            Object {
              "instance": null,
              "key": undefined,
              "nodeType": "function",
              "props": Object {
                "children": undefined,
                "size": "h1",
              },
              "ref": null,
              "rendered": null,
              "type": [Function],
            },
            Object {
              "instance": null,
              "key": undefined,
              "nodeType": "function",
              "props": Object {
                "children": undefined,
              },
              "ref": null,
              "rendered": null,
              "type": [Function],
            },
            Object {
              "instance": null,
              "key": undefined,
              "nodeType": "function",
              "props": Object {
                "children": undefined,
              },
              "ref": null,
              "rendered": null,
              "type": [Function],
            },
            Object {
              "instance": null,
              "key": undefined,
              "nodeType": "function",
              "props": Object {
                "children": undefined,
                "disabled": false,
                "display": "primary",
                "isLoading": false,
                "onClick": [Function],
                "size": "md",
              },
              "ref": null,
              "rendered": null,
              "type": [Function],
            },
            Object {
              "instance": null,
              "key": undefined,
              "nodeType": "class",
              "props": Object {
                "activeTab": undefined,
                "content": Object {
                  "back": "Back",
                  "backToAccounts": "Back to accounts",
                  "retry": "Retry",
                },
                "location": undefined,
                "messages": Object {
                  "archivedMessages": Array [],
                  "draftMessages": Array [],
                  "inboxMessages": Array [],
                  "sentMessages": Array [],
                },
                "onClick": [Function],
              },
              "ref": null,
              "rendered": null,
              "type": [Function],
            },
          ],
          "type": [Function],
        },
        "type": [Function],
      },
      "type": [Function],
    },
  ],
  Symbol(enzyme.__options__): Object {
    "adapter": ReactFifteenFourAdapter {
      "options": Object {
        "legacyContextMode": "parent",
        "lifecycles": Object {
          "componentDidUpdate": Object {
            "prevContext": true,
          },
          "getChildContext": Object {
            "calledByRenderer": true,
          },
        },
        "supportPrevContextArgumentOfComponentDidUpdate": true,
      },
    },
  },
  Symbol(enzyme.__childContext__): null,
}
`;
