// Jest Snapshot v1, https://goo.gl/fbAQLP

exports[`SecureMessageForm snapshot should match to snapshot 1`] = `ShallowWrapper {}`;
