// Jest Snapshot v1, https://goo.gl/fbAQLP

exports[`CalloutComponent Component Check should render correctly 1`] = `
ShallowWrapper {
  "length": 1,
  Symbol(enzyme.__root__): [Circular],
  Symbol(enzyme.__unrendered__): <CalloutComponent
    dClass="callout"
    pClass=""
    paraText="Contrary to popular belief, Lorem Ipsum is not random text. It has roots in a piece of classical Latin literature from 45 BC, making it 2000 years old."
  />,
  Symbol(enzyme.__renderer__): Object {
    "batchedUpdates": [Function],
    "getNode": [Function],
    "render": [Function],
    "simulateEvent": [Function],
    "unmount": [Function],
  },
  Symbol(enzyme.__node__): Object {
    "instance": null,
    "key": undefined,
    "nodeType": "host",
    "props": Object {
      "children": <p
        className=""
      >
        Contrary to popular belief, Lorem Ipsum is not random text. It has roots in a piece of classical Latin literature from 45 BC, making it 2000 years old.
      </p>,
      "className": "callout",
    },
    "ref": null,
    "rendered": Object {
      "instance": null,
      "key": undefined,
      "nodeType": "host",
      "props": Object {
        "children": "Contrary to popular belief, Lorem Ipsum is not random text. It has roots in a piece of classical Latin literature from 45 BC, making it 2000 years old.",
        "className": "",
      },
      "ref": null,
      "rendered": "Contrary to popular belief, Lorem Ipsum is not random text. It has roots in a piece of classical Latin literature from 45 BC, making it 2000 years old.",
      "type": "p",
    },
    "type": "div",
  },
  Symbol(enzyme.__nodes__): Array [
    Object {
      "instance": null,
      "key": undefined,
      "nodeType": "host",
      "props": Object {
        "children": <p
          className=""
        >
          Contrary to popular belief, Lorem Ipsum is not random text. It has roots in a piece of classical Latin literature from 45 BC, making it 2000 years old.
        </p>,
        "className": "callout",
      },
      "ref": null,
      "rendered": Object {
        "instance": null,
        "key": undefined,
        "nodeType": "host",
        "props": Object {
          "children": "Contrary to popular belief, Lorem Ipsum is not random text. It has roots in a piece of classical Latin literature from 45 BC, making it 2000 years old.",
          "className": "",
        },
        "ref": null,
        "rendered": "Contrary to popular belief, Lorem Ipsum is not random text. It has roots in a piece of classical Latin literature from 45 BC, making it 2000 years old.",
        "type": "p",
      },
      "type": "div",
    },
  ],
  Symbol(enzyme.__options__): Object {
    "adapter": ReactFifteenFourAdapter {
      "options": Object {
        "supportPrevContextArgumentOfComponentDidUpdate": true,
      },
    },
  },
}
`;
