// Jest Snapshot v1, https://goo.gl/fbAQLP

exports[`GetIcon Component Check should render correctly 1`] = `
ShallowWrapper {
  "length": 1,
  Symbol(enzyme.__root__): [Circular],
  Symbol(enzyme.__unrendered__): <CommonGetIcon />,
  Symbol(enzyme.__renderer__): Object {
    "batchedUpdates": [Function],
    "getNode": [Function],
    "render": [Function],
    "simulateEvent": [Function],
    "unmount": [Function],
  },
  Symbol(enzyme.__node__): Object {
    "instance": null,
    "key": undefined,
    "nodeType": "host",
    "props": Object {
      "children": <use
        xlinkHref="undefined/images/icons.svg#undefined"
      />,
      "className": undefined,
      "height": "32px",
      "role": "img",
      "viewBox": "0 0 32 32",
      "width": "32px",
    },
    "ref": null,
    "rendered": Object {
      "instance": null,
      "key": undefined,
      "nodeType": "host",
      "props": Object {
        "xlinkHref": "undefined/images/icons.svg#undefined",
      },
      "ref": null,
      "rendered": null,
      "type": "use",
    },
    "type": "svg",
  },
  Symbol(enzyme.__nodes__): Array [
    Object {
      "instance": null,
      "key": undefined,
      "nodeType": "host",
      "props": Object {
        "children": <use
          xlinkHref="undefined/images/icons.svg#undefined"
        />,
        "className": undefined,
        "height": "32px",
        "role": "img",
        "viewBox": "0 0 32 32",
        "width": "32px",
      },
      "ref": null,
      "rendered": Object {
        "instance": null,
        "key": undefined,
        "nodeType": "host",
        "props": Object {
          "xlinkHref": "undefined/images/icons.svg#undefined",
        },
        "ref": null,
        "rendered": null,
        "type": "use",
      },
      "type": "svg",
    },
  ],
  Symbol(enzyme.__options__): Object {
    "adapter": ReactFifteenFourAdapter {
      "options": Object {
        "supportPrevContextArgumentOfComponentDidUpdate": true,
      },
    },
  },
}
`;
