// Jest Snapshot v1, https://goo.gl/fbAQLP

exports[`StepHeader Component Check should render correctly 1`] = `
ShallowWrapper {
  "length": 1,
  Symbol(enzyme.__root__): [Circular],
  Symbol(enzyme.__unrendered__): <StepHeader
    showControl={false}
    showheaderCrumbs={true}
  />,
  Symbol(enzyme.__renderer__): Object {
    "batchedUpdates": [Function],
    "getNode": [Function],
    "render": [Function],
    "simulateEvent": [Function],
    "unmount": [Function],
  },
  Symbol(enzyme.__node__): Object {
    "instance": null,
    "key": undefined,
    "nodeType": "host",
    "props": Object {
      "children": Array [
        <p
          className="c-step-header__crumbs"
        >
          <Link
            className="c-step-header__link"
            replace={false}
            to={undefined}
          >
            <span
              className="c-step-header__linkicon"
            >
              <CommonGetIcon
                height="16px"
                id="icon-left"
                width="16px"
              />
            </span>
            <span
              className="c-step-header__linktext"
            />
          </Link>
        </p>,
        <h1
          className="c-step-header__title"
          id="headingTag"
          tabIndex="-1"
        />,
        null,
        <p
          className="c-step-header__subtext"
        />,
      ],
      "className": "c-step-header",
      "id": "",
    },
    "ref": null,
    "rendered": Array [
      Object {
        "instance": null,
        "key": undefined,
        "nodeType": "host",
        "props": Object {
          "children": <Link
            className="c-step-header__link"
            replace={false}
            to={undefined}
          >
            <span
              className="c-step-header__linkicon"
            >
              <CommonGetIcon
                height="16px"
                id="icon-left"
                width="16px"
              />
            </span>
            <span
              className="c-step-header__linktext"
            />
          </Link>,
          "className": "c-step-header__crumbs",
        },
        "ref": null,
        "rendered": Object {
          "instance": null,
          "key": undefined,
          "nodeType": "class",
          "props": Object {
            "children": Array [
              <span
                className="c-step-header__linkicon"
              >
                <CommonGetIcon
                  height="16px"
                  id="icon-left"
                  width="16px"
                />
              </span>,
              <span
                className="c-step-header__linktext"
              />,
            ],
            "className": "c-step-header__link",
            "replace": false,
            "to": undefined,
          },
          "ref": null,
          "rendered": Array [
            Object {
              "instance": null,
              "key": undefined,
              "nodeType": "host",
              "props": Object {
                "children": <CommonGetIcon
                  height="16px"
                  id="icon-left"
                  width="16px"
                />,
                "className": "c-step-header__linkicon",
              },
              "ref": null,
              "rendered": Object {
                "instance": null,
                "key": undefined,
                "nodeType": "class",
                "props": Object {
                  "height": "16px",
                  "id": "icon-left",
                  "width": "16px",
                },
                "ref": null,
                "rendered": null,
                "type": [Function],
              },
              "type": "span",
            },
            Object {
              "instance": null,
              "key": undefined,
              "nodeType": "host",
              "props": Object {
                "children": undefined,
                "className": "c-step-header__linktext",
              },
              "ref": null,
              "rendered": null,
              "type": "span",
            },
          ],
          "type": [Function],
        },
        "type": "p",
      },
      Object {
        "instance": null,
        "key": undefined,
        "nodeType": "host",
        "props": Object {
          "children": undefined,
          "className": "c-step-header__title",
          "id": "headingTag",
          "tabIndex": "-1",
        },
        "ref": null,
        "rendered": null,
        "type": "h1",
      },
      null,
      Object {
        "instance": null,
        "key": undefined,
        "nodeType": "host",
        "props": Object {
          "children": undefined,
          "className": "c-step-header__subtext",
        },
        "ref": null,
        "rendered": null,
        "type": "p",
      },
    ],
    "type": "div",
  },
  Symbol(enzyme.__nodes__): Array [
    Object {
      "instance": null,
      "key": undefined,
      "nodeType": "host",
      "props": Object {
        "children": Array [
          <p
            className="c-step-header__crumbs"
          >
            <Link
              className="c-step-header__link"
              replace={false}
              to={undefined}
            >
              <span
                className="c-step-header__linkicon"
              >
                <CommonGetIcon
                  height="16px"
                  id="icon-left"
                  width="16px"
                />
              </span>
              <span
                className="c-step-header__linktext"
              />
            </Link>
          </p>,
          <h1
            className="c-step-header__title"
            id="headingTag"
            tabIndex="-1"
          />,
          null,
          <p
            className="c-step-header__subtext"
          />,
        ],
        "className": "c-step-header",
        "id": "",
      },
      "ref": null,
      "rendered": Array [
        Object {
          "instance": null,
          "key": undefined,
          "nodeType": "host",
          "props": Object {
            "children": <Link
              className="c-step-header__link"
              replace={false}
              to={undefined}
            >
              <span
                className="c-step-header__linkicon"
              >
                <CommonGetIcon
                  height="16px"
                  id="icon-left"
                  width="16px"
                />
              </span>
              <span
                className="c-step-header__linktext"
              />
            </Link>,
            "className": "c-step-header__crumbs",
          },
          "ref": null,
          "rendered": Object {
            "instance": null,
            "key": undefined,
            "nodeType": "class",
            "props": Object {
              "children": Array [
                <span
                  className="c-step-header__linkicon"
                >
                  <CommonGetIcon
                    height="16px"
                    id="icon-left"
                    width="16px"
                  />
                </span>,
                <span
                  className="c-step-header__linktext"
                />,
              ],
              "className": "c-step-header__link",
              "replace": false,
              "to": undefined,
            },
            "ref": null,
            "rendered": Array [
              Object {
                "instance": null,
                "key": undefined,
                "nodeType": "host",
                "props": Object {
                  "children": <CommonGetIcon
                    height="16px"
                    id="icon-left"
                    width="16px"
                  />,
                  "className": "c-step-header__linkicon",
                },
                "ref": null,
                "rendered": Object {
                  "instance": null,
                  "key": undefined,
                  "nodeType": "class",
                  "props": Object {
                    "height": "16px",
                    "id": "icon-left",
                    "width": "16px",
                  },
                  "ref": null,
                  "rendered": null,
                  "type": [Function],
                },
                "type": "span",
              },
              Object {
                "instance": null,
                "key": undefined,
                "nodeType": "host",
                "props": Object {
                  "children": undefined,
                  "className": "c-step-header__linktext",
                },
                "ref": null,
                "rendered": null,
                "type": "span",
              },
            ],
            "type": [Function],
          },
          "type": "p",
        },
        Object {
          "instance": null,
          "key": undefined,
          "nodeType": "host",
          "props": Object {
            "children": undefined,
            "className": "c-step-header__title",
            "id": "headingTag",
            "tabIndex": "-1",
          },
          "ref": null,
          "rendered": null,
          "type": "h1",
        },
        null,
        Object {
          "instance": null,
          "key": undefined,
          "nodeType": "host",
          "props": Object {
            "children": undefined,
            "className": "c-step-header__subtext",
          },
          "ref": null,
          "rendered": null,
          "type": "p",
        },
      ],
      "type": "div",
    },
  ],
  Symbol(enzyme.__options__): Object {
    "adapter": ReactFifteenFourAdapter {
      "options": Object {
        "supportPrevContextArgumentOfComponentDidUpdate": true,
      },
    },
  },
}
`;
